WARNING: memory.v:19: $readmemh(programa.txt): Not enough words in the file for the requested range [0:1023].
VCD info: dumpfile saida.vcd opened for output.
Programa executado:
addi x5, x0, 5                  
add x5, x5, x5                  
sw x5, 16(x0)                   
=== OK: Obtido 0000000a na mem√≥ria
tb.v:54: $finish called at 31000 (1ps)
