WARNING: memory.v:19: $readmemh(programa.txt): Not enough words in the file for the requested range [0:1023].
VCD info: dumpfile saida.vcd opened for output.
Programa executado:
lui x5, x0, 4096                
sw x5, 16(x0)                   
nop                             
=== OK: Obtido 00001000 na mem√≥ria
tb.v:54: $finish called at 31000 (1ps)
